ESTADO: SIMULADO — datos de prueba; no son hallazgos de campo
venv\lib\site-packages\rasa\core\tracker_store.py:1044: MovedIn20Warning: Deprecated API features detected! These feature(s) are not compatible with SQLAlchemy 2.0. To prevent incompatible upgrades prior to updating applications, ensure requirements files are pinned to "sqlalchemy<2.0". Set environment variable SQLALCHEMY_WARN_20=1 to show all deprecation warnings.  Set environment variable SQLALCHEMY_SILENCE_UBER_WARNING=1 to silence this message. (Background on SQLAlchemy 2.0 at: https://sqlalche.me/e/b8d9)
  Base: DeclarativeMeta = declarative_base()
venv\lib\site-packages\rasa\shared\utils\validation.py:134: DeprecationWarning: pkg_resources is deprecated as an API. See https://setuptools.pypa.io/en/latest/pkg_resources.html
  import pkg_resources
venv\lib\site-packages\pkg_resources\__init__.py:3117: DeprecationWarning: Deprecated call to `pkg_resources.declare_namespace('mpl_toolkits')`.
Implementing implicit namespace packages (as specified in PEP 420) is preferred to `pkg_resources.declare_namespace`. See https://setuptools.pypa.io/en/latest/references/keywords.html#keyword-namespace-packages
  declare_namespace(pkg)
venv\lib\site-packages\pkg_resources\__init__.py:3117: DeprecationWarning: Deprecated call to `pkg_resources.declare_namespace('ruamel')`.
Implementing implicit namespace packages (as specified in PEP 420) is preferred to `pkg_resources.declare_namespace`. See https://setuptools.pypa.io/en/latest/references/keywords.html#keyword-namespace-packages
  declare_namespace(pkg)
venv\lib\site-packages\tensorflow\lite\python\util.py:52: DeprecationWarning: jax.xla_computation is deprecated. Please use the AOT APIs.
  from jax import xla_computation as _xla_computation
venv\lib\site-packages\matplotlib\fontconfig_pattern.py:66: PyparsingDeprecationWarning: 'setParseAction' deprecated - use 'set_parse_action'
  ).setParseAction(self._family)
venv\lib\site-packages\matplotlib\fontconfig_pattern.py:127: PyparsingDeprecationWarning: 'parseString' deprecated - use 'parse_string'
  self._parser.parseString(pattern)
venv\lib\site-packages\matplotlib\fontconfig_pattern.py:134: PyparsingDeprecationWarning: 'resetCache' deprecated - use 'reset_cache'
  self._parser.resetCache()
2026-10-05 10:37:43 [1;30mINFO    [0m [34mrasa.engine.training.hooks[0m  - Restored component 'CountVectorsFeaturizer' from cache.
2026-10-05 10:37:44 [1;30mINFO    [0m [34mrasa.engine.training.hooks[0m  - Restored component 'CountVectorsFeaturizer' from cache.
2026-10-05 10:37:45 [1;30mINFO    [0m [34mrasa.engine.training.hooks[0m  - Starting to train component 'DIETClassifier'.

Epochs:   0%|          | 0/150 [00:00<?, ?it/s]
Epochs:   1%|          | 1/150 [00:13<32:18, 13.01s/it]
Epochs:   1%|          | 1/150 [00:13<32:18, 13.01s/it, t_loss=5.77, i_acc=0.159]
Epochs:   1%|▏         | 2/150 [00:15<17:30,  7.10s/it, t_loss=5.77, i_acc=0.159]
Epochs:   1%|▏         | 2/150 [00:15<17:30,  7.10s/it, t_loss=5.05, i_acc=0.43] 
Epochs:   2%|▏         | 3/150 [00:18<12:33,  5.13s/it, t_loss=5.05, i_acc=0.43]
Epochs:   2%|▏         | 3/150 [00:18<12:33,  5.13s/it, t_loss=4.59, i_acc=0.645]
Epochs:   3%|▎         | 4/150 [00:21<10:14,  4.21s/it, t_loss=4.59, i_acc=0.645]
Epochs:   3%|▎         | 4/150 [00:21<10:14,  4.21s/it, t_loss=4.11, i_acc=0.789]
Epochs:   3%|▎         | 5/150 [00:24<08:54,  3.68s/it, t_loss=4.11, i_acc=0.789]
Epochs:   3%|▎         | 5/150 [00:24<08:54,  3.68s/it, t_loss=3.9, i_acc=0.849] 
Epochs:   4%|▍         | 6/150 [00:27<08:07,  3.39s/it, t_loss=3.9, i_acc=0.849]
Epochs:   4%|▍         | 6/150 [00:27<08:07,  3.39s/it, t_loss=3.56, i_acc=0.901]
Epochs:   5%|▍         | 7/150 [00:29<07:34,  3.18s/it, t_loss=3.56, i_acc=0.901]
Epochs:   5%|▍         | 7/150 [00:29<07:34,  3.18s/it, t_loss=3.52, i_acc=0.925]
Epochs:   5%|▌         | 8/150 [00:32<07:14,  3.06s/it, t_loss=3.52, i_acc=0.925]
Epochs:   5%|▌         | 8/150 [00:32<07:14,  3.06s/it, t_loss=3.24, i_acc=0.946]
Epochs:   6%|▌         | 9/150 [00:35<07:04,  3.01s/it, t_loss=3.24, i_acc=0.946]
Epochs:   6%|▌         | 9/150 [00:35<07:04,  3.01s/it, t_loss=3.14, i_acc=0.974]
Epochs:   7%|▋         | 10/150 [00:38<06:51,  2.94s/it, t_loss=3.14, i_acc=0.974]
Epochs:   7%|▋         | 10/150 [00:38<06:51,  2.94s/it, t_loss=3.11, i_acc=0.972]
Epochs:   7%|▋         | 11/150 [00:42<07:29,  3.23s/it, t_loss=3.11, i_acc=0.972]
Epochs:   7%|▋         | 11/150 [00:42<07:29,  3.23s/it, t_loss=3.03, i_acc=0.991]
Epochs:   8%|▊         | 12/150 [00:46<07:57,  3.46s/it, t_loss=3.03, i_acc=0.991]
Epochs:   8%|▊         | 12/150 [00:46<07:57,  3.46s/it, t_loss=3.01, i_acc=0.982]
Epochs:   9%|▊         | 13/150 [00:49<08:06,  3.55s/it, t_loss=3.01, i_acc=0.982]
Epochs:   9%|▊         | 13/150 [00:49<08:06,  3.55s/it, t_loss=3.01, i_acc=0.991]
Epochs:   9%|▉         | 14/150 [00:53<08:09,  3.60s/it, t_loss=3.01, i_acc=0.991]
Epochs:   9%|▉         | 14/150 [00:53<08:09,  3.60s/it, t_loss=2.86, i_acc=0.995]
Epochs:  10%|█         | 15/150 [00:57<08:11,  3.64s/it, t_loss=2.86, i_acc=0.995]
Epochs:  10%|█         | 15/150 [00:57<08:11,  3.64s/it, t_loss=2.89, i_acc=0.996]
Epochs:  11%|█         | 16/150 [01:01<08:09,  3.66s/it, t_loss=2.89, i_acc=0.996]
Epochs:  11%|█         | 16/150 [01:01<08:09,  3.66s/it, t_loss=2.8, i_acc=0.996] 
Epochs:  11%|█▏        | 17/150 [01:04<08:05,  3.65s/it, t_loss=2.8, i_acc=0.996]
Epochs:  11%|█▏        | 17/150 [01:04<08:05,  3.65s/it, t_loss=2.74, i_acc=0.999]
Epochs:  12%|█▏        | 18/150 [01:08<08:05,  3.68s/it, t_loss=2.74, i_acc=0.999]
Epochs:  12%|█▏        | 18/150 [01:08<08:05,  3.68s/it, t_loss=2.67, i_acc=0.994]
Epochs:  13%|█▎        | 19/150 [01:12<08:02,  3.68s/it, t_loss=2.67, i_acc=0.994]
Epochs:  13%|█▎        | 19/150 [01:12<08:02,  3.68s/it, t_loss=2.73, i_acc=0.996]
Epochs:  13%|█▎        | 20/150 [01:15<08:00,  3.70s/it, t_loss=2.73, i_acc=0.996]
Epochs:  13%|█▎        | 20/150 [01:15<08:00,  3.70s/it, t_loss=2.69, i_acc=0.994]
Epochs:  14%|█▍        | 21/150 [01:19<07:59,  3.72s/it, t_loss=2.69, i_acc=0.994]
Epochs:  14%|█▍        | 21/150 [01:19<07:59,  3.72s/it, t_loss=2.67, i_acc=1]    
Epochs:  15%|█▍        | 22/150 [01:23<07:58,  3.74s/it, t_loss=2.67, i_acc=1]
Epochs:  15%|█▍        | 22/150 [01:23<07:58,  3.74s/it, t_loss=2.62, i_acc=0.998]
Epochs:  15%|█▌        | 23/150 [01:27<07:51,  3.71s/it, t_loss=2.62, i_acc=0.998]
Epochs:  15%|█▌        | 23/150 [01:27<07:51,  3.71s/it, t_loss=2.62, i_acc=0.996]
Epochs:  16%|█▌        | 24/150 [01:30<07:47,  3.71s/it, t_loss=2.62, i_acc=0.996]
Epochs:  16%|█▌        | 24/150 [01:30<07:47,  3.71s/it, t_loss=2.55, i_acc=0.999]
Epochs:  17%|█▋        | 25/150 [01:34<07:41,  3.69s/it, t_loss=2.55, i_acc=0.999]
Epochs:  17%|█▋        | 25/150 [01:34<07:41,  3.69s/it, t_loss=2.58, i_acc=0.999]
Epochs:  17%|█▋        | 26/150 [01:38<07:39,  3.70s/it, t_loss=2.58, i_acc=0.999]
Epochs:  17%|█▋        | 26/150 [01:38<07:39,  3.70s/it, t_loss=2.51, i_acc=1]    
Epochs:  18%|█▊        | 27/150 [01:41<07:34,  3.69s/it, t_loss=2.51, i_acc=1]
Epochs:  18%|█▊        | 27/150 [01:41<07:34,  3.69s/it, t_loss=2.52, i_acc=1]
Epochs:  19%|█▊        | 28/150 [01:45<07:30,  3.70s/it, t_loss=2.52, i_acc=1]
Epochs:  19%|█▊        | 28/150 [01:45<07:30,  3.70s/it, t_loss=2.5, i_acc=0.999]
Epochs:  19%|█▉        | 29/150 [01:49<07:26,  3.69s/it, t_loss=2.5, i_acc=0.999]
Epochs:  19%|█▉        | 29/150 [01:49<07:26,  3.69s/it, t_loss=2.52, i_acc=0.999]
Epochs:  20%|██        | 30/150 [01:53<07:26,  3.72s/it, t_loss=2.52, i_acc=0.999]
Epochs:  20%|██        | 30/150 [01:53<07:26,  3.72s/it, t_loss=2.47, i_acc=0.999]
Epochs:  21%|██        | 31/150 [01:56<07:21,  3.71s/it, t_loss=2.47, i_acc=0.999]
Epochs:  21%|██        | 31/150 [01:56<07:21,  3.71s/it, t_loss=2.48, i_acc=0.999]
Epochs:  21%|██▏       | 32/150 [02:00<07:18,  3.72s/it, t_loss=2.48, i_acc=0.999]
Epochs:  21%|██▏       | 32/150 [02:00<07:18,  3.72s/it, t_loss=2.48, i_acc=0.999]
Epochs:  22%|██▏       | 33/150 [02:04<07:11,  3.69s/it, t_loss=2.48, i_acc=0.999]
Epochs:  22%|██▏       | 33/150 [02:04<07:11,  3.69s/it, t_loss=2.48, i_acc=0.998]
Epochs:  23%|██▎       | 34/150 [02:07<07:07,  3.69s/it, t_loss=2.48, i_acc=0.998]
Epochs:  23%|██▎       | 34/150 [02:07<07:07,  3.69s/it, t_loss=2.42, i_acc=0.999]
Epochs:  23%|██▎       | 35/150 [02:11<07:04,  3.69s/it, t_loss=2.42, i_acc=0.999]
Epochs:  23%|██▎       | 35/150 [02:11<07:04,  3.69s/it, t_loss=2.44, i_acc=0.998]
Epochs:  24%|██▍       | 36/150 [02:15<07:04,  3.72s/it, t_loss=2.44, i_acc=0.998]
Epochs:  24%|██▍       | 36/150 [02:15<07:04,  3.72s/it, t_loss=2.42, i_acc=1]    
Epochs:  25%|██▍       | 37/150 [02:18<06:57,  3.70s/it, t_loss=2.42, i_acc=1]
Epochs:  25%|██▍       | 37/150 [02:18<06:57,  3.70s/it, t_loss=2.44, i_acc=1]
Epochs:  25%|██▌       | 38/150 [02:22<06:54,  3.70s/it, t_loss=2.44, i_acc=1]
Epochs:  25%|██▌       | 38/150 [02:22<06:54,  3.70s/it, t_loss=2.41, i_acc=1]
Epochs:  26%|██▌       | 39/150 [02:26<06:52,  3.72s/it, t_loss=2.41, i_acc=1]
Epochs:  26%|██▌       | 39/150 [02:26<06:52,  3.72s/it, t_loss=2.4, i_acc=1] 
Epochs:  27%|██▋       | 40/150 [02:30<06:49,  3.72s/it, t_loss=2.4, i_acc=1]
Epochs:  27%|██▋       | 40/150 [02:30<06:49,  3.72s/it, t_loss=2.43, i_acc=1]
Epochs:  27%|██▋       | 41/150 [02:33<06:45,  3.72s/it, t_loss=2.43, i_acc=1]
Epochs:  27%|██▋       | 41/150 [02:33<06:45,  3.72s/it, t_loss=2.37, i_acc=0.999]
Epochs:  28%|██▊       | 42/150 [02:37<06:47,  3.77s/it, t_loss=2.37, i_acc=0.999]
Epochs:  28%|██▊       | 42/150 [02:37<06:47,  3.77s/it, t_loss=2.36, i_acc=0.999]
Epochs:  29%|██▊       | 43/150 [02:41<06:43,  3.77s/it, t_loss=2.36, i_acc=0.999]
Epochs:  29%|██▊       | 43/150 [02:41<06:43,  3.77s/it, t_loss=2.36, i_acc=0.999]
Epochs:  29%|██▉       | 44/150 [02:45<06:36,  3.74s/it, t_loss=2.36, i_acc=0.999]
Epochs:  29%|██▉       | 44/150 [02:45<06:36,  3.74s/it, t_loss=2.38, i_acc=0.999]
Epochs:  30%|███       | 45/150 [02:48<06:30,  3.72s/it, t_loss=2.38, i_acc=0.999]
Epochs:  30%|███       | 45/150 [02:48<06:30,  3.72s/it, t_loss=2.39, i_acc=0.999]
Epochs:  31%|███       | 46/150 [02:52<06:25,  3.71s/it, t_loss=2.39, i_acc=0.999]
Epochs:  31%|███       | 46/150 [02:52<06:25,  3.71s/it, t_loss=2.36, i_acc=0.999]
Epochs:  31%|███▏      | 47/150 [02:56<06:21,  3.70s/it, t_loss=2.36, i_acc=0.999]
Epochs:  31%|███▏      | 47/150 [02:56<06:21,  3.70s/it, t_loss=2.32, i_acc=0.998]
Epochs:  32%|███▏      | 48/150 [02:59<06:15,  3.68s/it, t_loss=2.32, i_acc=0.998]
Epochs:  32%|███▏      | 48/150 [02:59<06:15,  3.68s/it, t_loss=2.35, i_acc=1]    
Epochs:  33%|███▎      | 49/150 [03:03<06:12,  3.69s/it, t_loss=2.35, i_acc=1]
Epochs:  33%|███▎      | 49/150 [03:03<06:12,  3.69s/it, t_loss=2.29, i_acc=1]
Epochs:  33%|███▎      | 50/150 [03:07<06:09,  3.69s/it, t_loss=2.29, i_acc=1]
Epochs:  33%|███▎      | 50/150 [03:07<06:09,  3.69s/it, t_loss=2.29, i_acc=0.999]
Epochs:  34%|███▍      | 51/150 [03:10<06:04,  3.68s/it, t_loss=2.29, i_acc=0.999]
Epochs:  34%|███▍      | 51/150 [03:10<06:04,  3.68s/it, t_loss=2.31, i_acc=1]    
Epochs:  35%|███▍      | 52/150 [03:14<06:12,  3.80s/it, t_loss=2.31, i_acc=1]
Epochs:  35%|███▍      | 52/150 [03:14<06:12,  3.80s/it, t_loss=2.29, i_acc=0.999]
Epochs:  35%|███▌      | 53/150 [03:18<06:09,  3.81s/it, t_loss=2.29, i_acc=0.999]
Epochs:  35%|███▌      | 53/150 [03:18<06:09,  3.81s/it, t_loss=2.31, i_acc=1]    
Epochs:  36%|███▌      | 54/150 [03:22<06:11,  3.87s/it, t_loss=2.31, i_acc=1]
Epochs:  36%|███▌      | 54/150 [03:22<06:11,  3.87s/it, t_loss=2.33, i_acc=0.999]
Epochs:  37%|███▋      | 55/150 [03:26<06:05,  3.85s/it, t_loss=2.33, i_acc=0.999]
Epochs:  37%|███▋      | 55/150 [03:26<06:05,  3.85s/it, t_loss=2.28, i_acc=0.998]
Epochs:  37%|███▋      | 56/150 [03:30<05:55,  3.79s/it, t_loss=2.28, i_acc=0.998]
Epochs:  37%|███▋      | 56/150 [03:30<05:55,  3.79s/it, t_loss=2.31, i_acc=1]    
Epochs:  38%|███▊      | 57/150 [03:34<05:51,  3.78s/it, t_loss=2.31, i_acc=1]
Epochs:  38%|███▊      | 57/150 [03:34<05:51,  3.78s/it, t_loss=2.29, i_acc=0.999]
Epochs:  39%|███▊      | 58/150 [03:37<05:45,  3.76s/it, t_loss=2.29, i_acc=0.999]
Epochs:  39%|███▊      | 58/150 [03:37<05:45,  3.76s/it, t_loss=2.26, i_acc=1]    
Epochs:  39%|███▉      | 59/150 [03:41<05:39,  3.73s/it, t_loss=2.26, i_acc=1]
Epochs:  39%|███▉      | 59/150 [03:41<05:39,  3.73s/it, t_loss=2.27, i_acc=1]
Epochs:  40%|████      | 60/150 [03:45<05:37,  3.75s/it, t_loss=2.27, i_acc=1]
Epochs:  40%|████      | 60/150 [03:45<05:37,  3.75s/it, t_loss=2.22, i_acc=1]
Epochs:  41%|████      | 61/150 [03:48<05:32,  3.74s/it, t_loss=2.22, i_acc=1]
Epochs:  41%|████      | 61/150 [03:48<05:32,  3.74s/it, t_loss=2.22, i_acc=1]
Epochs:  41%|████▏     | 62/150 [03:52<05:29,  3.74s/it, t_loss=2.22, i_acc=1]
Epochs:  41%|████▏     | 62/150 [03:52<05:29,  3.74s/it, t_loss=2.22, i_acc=1]
Epochs:  42%|████▏     | 63/150 [03:56<05:25,  3.74s/it, t_loss=2.22, i_acc=1]
Epochs:  42%|████▏     | 63/150 [03:56<05:25,  3.74s/it, t_loss=2.2, i_acc=1] 
Epochs:  43%|████▎     | 64/150 [04:00<05:18,  3.71s/it, t_loss=2.2, i_acc=1]
Epochs:  43%|████▎     | 64/150 [04:00<05:18,  3.71s/it, t_loss=2.23, i_acc=1]
Epochs:  43%|████▎     | 65/150 [04:03<05:16,  3.72s/it, t_loss=2.23, i_acc=1]
Epochs:  43%|████▎     | 65/150 [04:03<05:16,  3.72s/it, t_loss=2.21, i_acc=1]
Epochs:  44%|████▍     | 66/150 [04:07<05:13,  3.73s/it, t_loss=2.21, i_acc=1]
Epochs:  44%|████▍     | 66/150 [04:07<05:13,  3.73s/it, t_loss=2.21, i_acc=1]
Epochs:  45%|████▍     | 67/150 [04:11<05:08,  3.71s/it, t_loss=2.21, i_acc=1]
Epochs:  45%|████▍     | 67/150 [04:11<05:08,  3.71s/it, t_loss=2.18, i_acc=1]
Epochs:  45%|████▌     | 68/150 [04:14<05:06,  3.73s/it, t_loss=2.18, i_acc=1]
Epochs:  45%|████▌     | 68/150 [04:14<05:06,  3.73s/it, t_loss=2.19, i_acc=0.999]
Epochs:  46%|████▌     | 69/150 [04:18<05:00,  3.71s/it, t_loss=2.19, i_acc=0.999]
Epochs:  46%|████▌     | 69/150 [04:18<05:00,  3.71s/it, t_loss=2.21, i_acc=0.999]
Epochs:  47%|████▋     | 70/150 [04:22<04:55,  3.70s/it, t_loss=2.21, i_acc=0.999]
Epochs:  47%|████▋     | 70/150 [04:22<04:55,  3.70s/it, t_loss=2.2, i_acc=1]     
Epochs:  47%|████▋     | 71/150 [04:26<04:52,  3.70s/it, t_loss=2.2, i_acc=1]
Epochs:  47%|████▋     | 71/150 [04:26<04:52,  3.70s/it, t_loss=2.18, i_acc=1]
Epochs:  48%|████▊     | 72/150 [04:29<04:49,  3.71s/it, t_loss=2.18, i_acc=1]
Epochs:  48%|████▊     | 72/150 [04:29<04:49,  3.71s/it, t_loss=2.14, i_acc=0.999]
Epochs:  49%|████▊     | 73/150 [04:33<04:45,  3.71s/it, t_loss=2.14, i_acc=0.999]
Epochs:  49%|████▊     | 73/150 [04:33<04:45,  3.71s/it, t_loss=2.17, i_acc=0.999]
Epochs:  49%|████▉     | 74/150 [04:37<04:40,  3.69s/it, t_loss=2.17, i_acc=0.999]
Epochs:  49%|████▉     | 74/150 [04:37<04:40,  3.69s/it, t_loss=2.15, i_acc=1]    
Epochs:  50%|█████     | 75/150 [04:40<04:37,  3.70s/it, t_loss=2.15, i_acc=1]
Epochs:  50%|█████     | 75/150 [04:40<04:37,  3.70s/it, t_loss=2.13, i_acc=1]
Epochs:  51%|█████     | 76/150 [04:44<04:33,  3.70s/it, t_loss=2.13, i_acc=1]
Epochs:  51%|█████     | 76/150 [04:44<04:33,  3.70s/it, t_loss=2.13, i_acc=1]
Epochs:  51%|█████▏    | 77/150 [04:48<04:29,  3.70s/it, t_loss=2.13, i_acc=1]
Epochs:  51%|█████▏    | 77/150 [04:48<04:29,  3.70s/it, t_loss=2.14, i_acc=1]
Epochs:  52%|█████▏    | 78/150 [04:51<04:25,  3.69s/it, t_loss=2.14, i_acc=1]
Epochs:  52%|█████▏    | 78/150 [04:51<04:25,  3.69s/it, t_loss=2.17, i_acc=1]
Epochs:  53%|█████▎    | 79/150 [04:55<04:21,  3.69s/it, t_loss=2.17, i_acc=1]
Epochs:  53%|█████▎    | 79/150 [04:55<04:21,  3.69s/it, t_loss=2.13, i_acc=0.998]
Epochs:  53%|█████▎    | 80/150 [04:59<04:17,  3.69s/it, t_loss=2.13, i_acc=0.998]
Epochs:  53%|█████▎    | 80/150 [04:59<04:17,  3.69s/it, t_loss=2.12, i_acc=1]    
Epochs:  54%|█████▍    | 81/150 [05:02<04:13,  3.68s/it, t_loss=2.12, i_acc=1]
Epochs:  54%|█████▍    | 81/150 [05:02<04:13,  3.68s/it, t_loss=2.13, i_acc=1]
Epochs:  55%|█████▍    | 82/150 [05:06<04:11,  3.70s/it, t_loss=2.13, i_acc=1]
Epochs:  55%|█████▍    | 82/150 [05:06<04:11,  3.70s/it, t_loss=2.12, i_acc=0.998]
Epochs:  55%|█████▌    | 83/150 [05:10<04:08,  3.70s/it, t_loss=2.12, i_acc=0.998]
Epochs:  55%|█████▌    | 83/150 [05:10<04:08,  3.70s/it, t_loss=2.11, i_acc=1]    
Epochs:  56%|█████▌    | 84/150 [05:14<04:05,  3.72s/it, t_loss=2.11, i_acc=1]
Epochs:  56%|█████▌    | 84/150 [05:14<04:05,  3.72s/it, t_loss=2.13, i_acc=0.998]
Epochs:  57%|█████▋    | 85/150 [05:17<04:00,  3.70s/it, t_loss=2.13, i_acc=0.998]
Epochs:  57%|█████▋    | 85/150 [05:17<04:00,  3.70s/it, t_loss=2.14, i_acc=0.999]
Epochs:  57%|█████▋    | 86/150 [05:21<03:56,  3.69s/it, t_loss=2.14, i_acc=0.999]
Epochs:  57%|█████▋    | 86/150 [05:21<03:56,  3.69s/it, t_loss=2.11, i_acc=1]    
Epochs:  58%|█████▊    | 87/150 [05:25<03:52,  3.69s/it, t_loss=2.11, i_acc=1]
Epochs:  58%|█████▊    | 87/150 [05:25<03:52,  3.69s/it, t_loss=2.16, i_acc=1]
Epochs:  59%|█████▊    | 88/150 [05:28<03:48,  3.68s/it, t_loss=2.16, i_acc=1]
Epochs:  59%|█████▊    | 88/150 [05:28<03:48,  3.68s/it, t_loss=2.17, i_acc=1]
Epochs:  59%|█████▉    | 89/150 [05:32<03:44,  3.69s/it, t_loss=2.17, i_acc=1]
Epochs:  59%|█████▉    | 89/150 [05:32<03:44,  3.69s/it, t_loss=2.12, i_acc=1]
Epochs:  60%|██████    | 90/150 [05:36<03:42,  3.71s/it, t_loss=2.12, i_acc=1]
Epochs:  60%|██████    | 90/150 [05:36<03:42,  3.71s/it, t_loss=2.14, i_acc=0.999]
Epochs:  61%|██████    | 91/150 [05:39<03:38,  3.71s/it, t_loss=2.14, i_acc=0.999]
Epochs:  61%|██████    | 91/150 [05:39<03:38,  3.71s/it, t_loss=2.13, i_acc=1]    
Epochs:  61%|██████▏   | 92/150 [05:43<03:34,  3.70s/it, t_loss=2.13, i_acc=1]
Epochs:  61%|██████▏   | 92/150 [05:43<03:34,  3.70s/it, t_loss=2.14, i_acc=1]
Epochs:  62%|██████▏   | 93/150 [05:47<03:31,  3.72s/it, t_loss=2.14, i_acc=1]
Epochs:  62%|██████▏   | 93/150 [05:47<03:31,  3.72s/it, t_loss=2.13, i_acc=1]
Epochs:  63%|██████▎   | 94/150 [05:51<03:27,  3.71s/it, t_loss=2.13, i_acc=1]
Epochs:  63%|██████▎   | 94/150 [05:51<03:27,  3.71s/it, t_loss=2.1, i_acc=1] 
Epochs:  63%|██████▎   | 95/150 [05:54<03:24,  3.72s/it, t_loss=2.1, i_acc=1]
Epochs:  63%|██████▎   | 95/150 [05:54<03:24,  3.72s/it, t_loss=2.1, i_acc=1]
Epochs:  64%|██████▍   | 96/150 [05:58<03:21,  3.74s/it, t_loss=2.1, i_acc=1]
Epochs:  64%|██████▍   | 96/150 [05:58<03:21,  3.74s/it, t_loss=2.09, i_acc=1]
Epochs:  65%|██████▍   | 97/150 [06:02<03:16,  3.71s/it, t_loss=2.09, i_acc=1]
Epochs:  65%|██████▍   | 97/150 [06:02<03:16,  3.71s/it, t_loss=2.1, i_acc=1] 
Epochs:  65%|██████▌   | 98/150 [06:06<03:13,  3.73s/it, t_loss=2.1, i_acc=1]
Epochs:  65%|██████▌   | 98/150 [06:06<03:13,  3.73s/it, t_loss=2.07, i_acc=1]
Epochs:  66%|██████▌   | 99/150 [06:09<03:10,  3.73s/it, t_loss=2.07, i_acc=1]
Epochs:  66%|██████▌   | 99/150 [06:09<03:10,  3.73s/it, t_loss=2.06, i_acc=1]
Epochs:  67%|██████▋   | 100/150 [06:13<03:06,  3.74s/it, t_loss=2.06, i_acc=1]
Epochs:  67%|██████▋   | 100/150 [06:13<03:06,  3.74s/it, t_loss=2.04, i_acc=1]
Epochs:  67%|██████▋   | 101/150 [06:17<03:02,  3.73s/it, t_loss=2.04, i_acc=1]
Epochs:  67%|██████▋   | 101/150 [06:17<03:02,  3.73s/it, t_loss=2.06, i_acc=1]
Epochs:  68%|██████▊   | 102/150 [06:21<02:59,  3.75s/it, t_loss=2.06, i_acc=1]
Epochs:  68%|██████▊   | 102/150 [06:21<02:59,  3.75s/it, t_loss=2.06, i_acc=1]
Epochs:  69%|██████▊   | 103/150 [06:24<02:55,  3.72s/it, t_loss=2.06, i_acc=1]
Epochs:  69%|██████▊   | 103/150 [06:24<02:55,  3.72s/it, t_loss=2.1, i_acc=1] 
Epochs:  69%|██████▉   | 104/150 [06:28<02:51,  3.74s/it, t_loss=2.1, i_acc=1]
Epochs:  69%|██████▉   | 104/150 [06:28<02:51,  3.74s/it, t_loss=2.05, i_acc=1]
Epochs:  70%|███████   | 105/150 [06:32<02:47,  3.73s/it, t_loss=2.05, i_acc=1]
Epochs:  70%|███████   | 105/150 [06:32<02:47,  3.73s/it, t_loss=2.04, i_acc=1]
Epochs:  71%|███████   | 106/150 [06:35<02:42,  3.70s/it, t_loss=2.04, i_acc=1]
Epochs:  71%|███████   | 106/150 [06:35<02:42,  3.70s/it, t_loss=2.06, i_acc=0.999]
Epochs:  71%|███████▏  | 107/150 [06:39<02:39,  3.71s/it, t_loss=2.06, i_acc=0.999]
Epochs:  71%|███████▏  | 107/150 [06:39<02:39,  3.71s/it, t_loss=2.02, i_acc=0.999]
Epochs:  72%|███████▏  | 108/150 [06:43<02:37,  3.74s/it, t_loss=2.02, i_acc=0.999]
Epochs:  72%|███████▏  | 108/150 [06:43<02:37,  3.74s/it, t_loss=2.01, i_acc=1]    
Epochs:  73%|███████▎  | 109/150 [06:46<02:31,  3.70s/it, t_loss=2.01, i_acc=1]
Epochs:  73%|███████▎  | 109/150 [06:46<02:31,  3.70s/it, t_loss=2.01, i_acc=1]
Epochs:  73%|███████▎  | 110/150 [06:50<02:28,  3.71s/it, t_loss=2.01, i_acc=1]
Epochs:  73%|███████▎  | 110/150 [06:50<02:28,  3.71s/it, t_loss=2, i_acc=0.999]
Epochs:  74%|███████▍  | 111/150 [06:54<02:23,  3.69s/it, t_loss=2, i_acc=0.999]
Epochs:  74%|███████▍  | 111/150 [06:54<02:23,  3.69s/it, t_loss=2.01, i_acc=1] 
Epochs:  75%|███████▍  | 112/150 [06:58<02:20,  3.70s/it, t_loss=2.01, i_acc=1]
Epochs:  75%|███████▍  | 112/150 [06:58<02:20,  3.70s/it, t_loss=2, i_acc=1]   
Epochs:  75%|███████▌  | 113/150 [07:01<02:17,  3.71s/it, t_loss=2, i_acc=1]
Epochs:  75%|███████▌  | 113/150 [07:01<02:17,  3.71s/it, t_loss=2, i_acc=1]
Epochs:  76%|███████▌  | 114/150 [07:05<02:13,  3.71s/it, t_loss=2, i_acc=1]
Epochs:  76%|███████▌  | 114/150 [07:05<02:13,  3.71s/it, t_loss=1.99, i_acc=1]
Epochs:  77%|███████▋  | 115/150 [07:09<02:11,  3.75s/it, t_loss=1.99, i_acc=1]
Epochs:  77%|███████▋  | 115/150 [07:09<02:11,  3.75s/it, t_loss=1.99, i_acc=1]
Epochs:  77%|███████▋  | 116/150 [07:13<02:07,  3.75s/it, t_loss=1.99, i_acc=1]
Epochs:  77%|███████▋  | 116/150 [07:13<02:07,  3.75s/it, t_loss=2.02, i_acc=1]
Epochs:  78%|███████▊  | 117/150 [07:16<02:05,  3.79s/it, t_loss=2.02, i_acc=1]
Epochs:  78%|███████▊  | 117/150 [07:16<02:05,  3.79s/it, t_loss=2.02, i_acc=1]
Epochs:  79%|███████▊  | 118/150 [07:20<02:00,  3.78s/it, t_loss=2.02, i_acc=1]
Epochs:  79%|███████▊  | 118/150 [07:20<02:00,  3.78s/it, t_loss=2, i_acc=1]   
Epochs:  79%|███████▉  | 119/150 [07:24<01:55,  3.74s/it, t_loss=2, i_acc=1]
Epochs:  79%|███████▉  | 119/150 [07:24<01:55,  3.74s/it, t_loss=2.03, i_acc=1]
Epochs:  80%|████████  | 120/150 [07:28<01:51,  3.72s/it, t_loss=2.03, i_acc=1]
Epochs:  80%|████████  | 120/150 [07:28<01:51,  3.72s/it, t_loss=1.96, i_acc=1]
Epochs:  81%|████████  | 121/150 [07:31<01:47,  3.69s/it, t_loss=1.96, i_acc=1]
Epochs:  81%|████████  | 121/150 [07:31<01:47,  3.69s/it, t_loss=1.99, i_acc=0.999]
Epochs:  81%|████████▏ | 122/150 [07:35<01:43,  3.71s/it, t_loss=1.99, i_acc=0.999]
Epochs:  81%|████████▏ | 122/150 [07:35<01:43,  3.71s/it, t_loss=1.94, i_acc=1]    
Epochs:  82%|████████▏ | 123/150 [07:39<01:39,  3.68s/it, t_loss=1.94, i_acc=1]
Epochs:  82%|████████▏ | 123/150 [07:39<01:39,  3.68s/it, t_loss=1.97, i_acc=1]
Epochs:  83%|████████▎ | 124/150 [07:42<01:35,  3.67s/it, t_loss=1.97, i_acc=1]
Epochs:  83%|████████▎ | 124/150 [07:42<01:35,  3.67s/it, t_loss=1.96, i_acc=1]
Epochs:  83%|████████▎ | 125/150 [07:46<01:31,  3.68s/it, t_loss=1.96, i_acc=1]
Epochs:  83%|████████▎ | 125/150 [07:46<01:31,  3.68s/it, t_loss=1.92, i_acc=1]
Epochs:  84%|████████▍ | 126/150 [07:50<01:28,  3.68s/it, t_loss=1.92, i_acc=1]
Epochs:  84%|████████▍ | 126/150 [07:50<01:28,  3.68s/it, t_loss=1.94, i_acc=1]
Epochs:  85%|████████▍ | 127/150 [07:53<01:24,  3.67s/it, t_loss=1.94, i_acc=1]
Epochs:  85%|████████▍ | 127/150 [07:53<01:24,  3.67s/it, t_loss=1.94, i_acc=1]
Epochs:  85%|████████▌ | 128/150 [07:57<01:20,  3.66s/it, t_loss=1.94, i_acc=1]
Epochs:  85%|████████▌ | 128/150 [07:57<01:20,  3.66s/it, t_loss=1.94, i_acc=1]
Epochs:  86%|████████▌ | 129/150 [08:01<01:17,  3.69s/it, t_loss=1.94, i_acc=1]
Epochs:  86%|████████▌ | 129/150 [08:01<01:17,  3.69s/it, t_loss=1.91, i_acc=1]
Epochs:  87%|████████▋ | 130/150 [08:04<01:13,  3.69s/it, t_loss=1.91, i_acc=1]
Epochs:  87%|████████▋ | 130/150 [08:04<01:13,  3.69s/it, t_loss=1.89, i_acc=1]
Epochs:  87%|████████▋ | 131/150 [08:08<01:10,  3.71s/it, t_loss=1.89, i_acc=1]
Epochs:  87%|████████▋ | 131/150 [08:08<01:10,  3.71s/it, t_loss=1.91, i_acc=1]
Epochs:  88%|████████▊ | 132/150 [08:12<01:06,  3.71s/it, t_loss=1.91, i_acc=1]
Epochs:  88%|████████▊ | 132/150 [08:12<01:06,  3.71s/it, t_loss=1.92, i_acc=1]
Epochs:  89%|████████▊ | 133/150 [08:15<01:02,  3.70s/it, t_loss=1.92, i_acc=1]
Epochs:  89%|████████▊ | 133/150 [08:15<01:02,  3.70s/it, t_loss=1.92, i_acc=1]
Epochs:  89%|████████▉ | 134/150 [08:19<00:59,  3.71s/it, t_loss=1.92, i_acc=1]
Epochs:  89%|████████▉ | 134/150 [08:19<00:59,  3.71s/it, t_loss=1.95, i_acc=1]
Epochs:  90%|█████████ | 135/150 [08:23<00:55,  3.68s/it, t_loss=1.95, i_acc=1]
Epochs:  90%|█████████ | 135/150 [08:23<00:55,  3.68s/it, t_loss=1.93, i_acc=1]
Epochs:  91%|█████████ | 136/150 [08:27<00:51,  3.71s/it, t_loss=1.93, i_acc=1]
Epochs:  91%|█████████ | 136/150 [08:27<00:51,  3.71s/it, t_loss=1.89, i_acc=1]
Epochs:  91%|█████████▏| 137/150 [08:30<00:48,  3.73s/it, t_loss=1.89, i_acc=1]
Epochs:  91%|█████████▏| 137/150 [08:30<00:48,  3.73s/it, t_loss=1.89, i_acc=1]
Epochs:  92%|█████████▏| 138/150 [08:34<00:44,  3.71s/it, t_loss=1.89, i_acc=1]
Epochs:  92%|█████████▏| 138/150 [08:34<00:44,  3.71s/it, t_loss=1.9, i_acc=0.999]
Epochs:  93%|█████████▎| 139/150 [08:38<00:40,  3.71s/it, t_loss=1.9, i_acc=0.999]
Epochs:  93%|█████████▎| 139/150 [08:38<00:40,  3.71s/it, t_loss=1.87, i_acc=1]   
Epochs:  93%|█████████▎| 140/150 [08:41<00:37,  3.74s/it, t_loss=1.87, i_acc=1]
Epochs:  93%|█████████▎| 140/150 [08:41<00:37,  3.74s/it, t_loss=1.87, i_acc=1]
Epochs:  94%|█████████▍| 141/150 [08:45<00:33,  3.74s/it, t_loss=1.87, i_acc=1]
Epochs:  94%|█████████▍| 141/150 [08:45<00:33,  3.74s/it, t_loss=1.86, i_acc=1]
Epochs:  95%|█████████▍| 142/150 [08:49<00:29,  3.74s/it, t_loss=1.86, i_acc=1]
Epochs:  95%|█████████▍| 142/150 [08:49<00:29,  3.74s/it, t_loss=1.85, i_acc=1]
Epochs:  95%|█████████▌| 143/150 [08:53<00:26,  3.72s/it, t_loss=1.85, i_acc=1]
Epochs:  95%|█████████▌| 143/150 [08:53<00:26,  3.72s/it, t_loss=1.86, i_acc=1]
Epochs:  96%|█████████▌| 144/150 [08:56<00:22,  3.73s/it, t_loss=1.86, i_acc=1]
Epochs:  96%|█████████▌| 144/150 [08:56<00:22,  3.73s/it, t_loss=1.86, i_acc=1]
Epochs:  97%|█████████▋| 145/150 [09:00<00:18,  3.74s/it, t_loss=1.86, i_acc=1]
Epochs:  97%|█████████▋| 145/150 [09:00<00:18,  3.74s/it, t_loss=1.83, i_acc=1]
Epochs:  97%|█████████▋| 146/150 [09:04<00:14,  3.72s/it, t_loss=1.83, i_acc=1]
Epochs:  97%|█████████▋| 146/150 [09:04<00:14,  3.72s/it, t_loss=1.86, i_acc=1]
Epochs:  98%|█████████▊| 147/150 [09:07<00:11,  3.70s/it, t_loss=1.86, i_acc=1]
Epochs:  98%|█████████▊| 147/150 [09:07<00:11,  3.70s/it, t_loss=1.85, i_acc=1]
Epochs:  99%|█████████▊| 148/150 [09:11<00:07,  3.72s/it, t_loss=1.85, i_acc=1]
Epochs:  99%|█████████▊| 148/150 [09:11<00:07,  3.72s/it, t_loss=1.82, i_acc=1]
Epochs:  99%|█████████▉| 149/150 [09:15<00:03,  3.72s/it, t_loss=1.82, i_acc=1]
Epochs:  99%|█████████▉| 149/150 [09:15<00:03,  3.72s/it, t_loss=1.84, i_acc=1]
Epochs: 100%|██████████| 150/150 [09:19<00:00,  3.71s/it, t_loss=1.84, i_acc=1]
Epochs: 100%|██████████| 150/150 [09:19<00:00,  3.71s/it, t_loss=1.86, i_acc=1]
Epochs: 100%|██████████| 150/150 [09:19<00:00,  3.73s/it, t_loss=1.86, i_acc=1]
2026-10-05 10:47:06 [1;30mINFO    [0m [34mrasa.engine.training.hooks[0m  - Finished training component 'DIETClassifier'.
Your Rasa model is trained and saved at '<usuario>\AppData\Local\Temp\demo_modelos_rasa__yy_2u1s\rasa\RASA-e150-b64-d20-s10.tar.gz'.
