ESTADO: SIMULADO — datos de prueba; no son hallazgos de campo
venv\lib\site-packages\rasa\core\tracker_store.py:1044: MovedIn20Warning: Deprecated API features detected! These feature(s) are not compatible with SQLAlchemy 2.0. To prevent incompatible upgrades prior to updating applications, ensure requirements files are pinned to "sqlalchemy<2.0". Set environment variable SQLALCHEMY_WARN_20=1 to show all deprecation warnings.  Set environment variable SQLALCHEMY_SILENCE_UBER_WARNING=1 to silence this message. (Background on SQLAlchemy 2.0 at: https://sqlalche.me/e/b8d9)
  Base: DeclarativeMeta = declarative_base()
venv\lib\site-packages\rasa\shared\utils\validation.py:134: DeprecationWarning: pkg_resources is deprecated as an API. See https://setuptools.pypa.io/en/latest/pkg_resources.html
  import pkg_resources
venv\lib\site-packages\pkg_resources\__init__.py:3117: DeprecationWarning: Deprecated call to `pkg_resources.declare_namespace('mpl_toolkits')`.
Implementing implicit namespace packages (as specified in PEP 420) is preferred to `pkg_resources.declare_namespace`. See https://setuptools.pypa.io/en/latest/references/keywords.html#keyword-namespace-packages
  declare_namespace(pkg)
venv\lib\site-packages\pkg_resources\__init__.py:3117: DeprecationWarning: Deprecated call to `pkg_resources.declare_namespace('ruamel')`.
Implementing implicit namespace packages (as specified in PEP 420) is preferred to `pkg_resources.declare_namespace`. See https://setuptools.pypa.io/en/latest/references/keywords.html#keyword-namespace-packages
  declare_namespace(pkg)
venv\lib\site-packages\tensorflow\lite\python\util.py:52: DeprecationWarning: jax.xla_computation is deprecated. Please use the AOT APIs.
  from jax import xla_computation as _xla_computation
venv\lib\site-packages\matplotlib\fontconfig_pattern.py:66: PyparsingDeprecationWarning: 'setParseAction' deprecated - use 'set_parse_action'
  ).setParseAction(self._family)
venv\lib\site-packages\matplotlib\fontconfig_pattern.py:127: PyparsingDeprecationWarning: 'parseString' deprecated - use 'parse_string'
  self._parser.parseString(pattern)
venv\lib\site-packages\matplotlib\fontconfig_pattern.py:134: PyparsingDeprecationWarning: 'resetCache' deprecated - use 'reset_cache'
  self._parser.resetCache()
2026-10-05 10:29:54 [1;30mINFO    [0m [34mrasa.engine.training.hooks[0m  - Restored component 'CountVectorsFeaturizer' from cache.
2026-10-05 10:29:55 [1;30mINFO    [0m [34mrasa.engine.training.hooks[0m  - Restored component 'CountVectorsFeaturizer' from cache.
2026-10-05 10:29:56 [1;30mINFO    [0m [34mrasa.engine.training.hooks[0m  - Starting to train component 'DIETClassifier'.

Epochs:   0%|          | 0/150 [00:00<?, ?it/s]
Epochs:   1%|          | 1/150 [00:12<30:31, 12.29s/it]
Epochs:   1%|          | 1/150 [00:12<30:31, 12.29s/it, t_loss=5.86, i_acc=0.137]
Epochs:   1%|▏         | 2/150 [00:15<16:28,  6.68s/it, t_loss=5.86, i_acc=0.137]
Epochs:   1%|▏         | 2/150 [00:15<16:28,  6.68s/it, t_loss=5, i_acc=0.454]   
Epochs:   2%|▏         | 3/150 [00:17<11:49,  4.82s/it, t_loss=5, i_acc=0.454]
Epochs:   2%|▏         | 3/150 [00:17<11:49,  4.82s/it, t_loss=4.56, i_acc=0.63]
Epochs:   3%|▎         | 4/150 [00:20<09:35,  3.94s/it, t_loss=4.56, i_acc=0.63]
Epochs:   3%|▎         | 4/150 [00:20<09:35,  3.94s/it, t_loss=4.16, i_acc=0.762]
Epochs:   3%|▎         | 5/150 [00:22<08:22,  3.47s/it, t_loss=4.16, i_acc=0.762]
Epochs:   3%|▎         | 5/150 [00:22<08:22,  3.47s/it, t_loss=3.73, i_acc=0.864]
Epochs:   4%|▍         | 6/150 [00:25<07:41,  3.20s/it, t_loss=3.73, i_acc=0.864]
Epochs:   4%|▍         | 6/150 [00:25<07:41,  3.20s/it, t_loss=3.59, i_acc=0.921]
Epochs:   5%|▍         | 7/150 [00:28<07:19,  3.07s/it, t_loss=3.59, i_acc=0.921]
Epochs:   5%|▍         | 7/150 [00:28<07:19,  3.07s/it, t_loss=3.42, i_acc=0.946]
Epochs:   5%|▌         | 8/150 [00:31<07:07,  3.01s/it, t_loss=3.42, i_acc=0.946]
Epochs:   5%|▌         | 8/150 [00:31<07:07,  3.01s/it, t_loss=3.13, i_acc=0.975]
Epochs:   6%|▌         | 9/150 [00:33<06:49,  2.91s/it, t_loss=3.13, i_acc=0.975]
Epochs:   6%|▌         | 9/150 [00:33<06:49,  2.91s/it, t_loss=3.18, i_acc=0.974]
Epochs:   7%|▋         | 10/150 [00:36<06:33,  2.81s/it, t_loss=3.18, i_acc=0.974]
Epochs:   7%|▋         | 10/150 [00:36<06:33,  2.81s/it, t_loss=3.06, i_acc=0.987]
Epochs:   7%|▋         | 11/150 [00:39<06:25,  2.77s/it, t_loss=3.06, i_acc=0.987]
Epochs:   7%|▋         | 11/150 [00:39<06:25,  2.77s/it, t_loss=2.98, i_acc=0.994]
Epochs:   8%|▊         | 12/150 [00:41<06:14,  2.72s/it, t_loss=2.98, i_acc=0.994]
Epochs:   8%|▊         | 12/150 [00:41<06:14,  2.72s/it, t_loss=2.94, i_acc=0.991]
Epochs:   9%|▊         | 13/150 [00:44<06:12,  2.72s/it, t_loss=2.94, i_acc=0.991]
Epochs:   9%|▊         | 13/150 [00:44<06:12,  2.72s/it, t_loss=2.89, i_acc=0.994]
Epochs:   9%|▉         | 14/150 [00:47<06:11,  2.74s/it, t_loss=2.89, i_acc=0.994]
Epochs:   9%|▉         | 14/150 [00:47<06:11,  2.74s/it, t_loss=2.81, i_acc=0.997]
Epochs:  10%|█         | 15/150 [00:49<06:07,  2.72s/it, t_loss=2.81, i_acc=0.997]
Epochs:  10%|█         | 15/150 [00:49<06:07,  2.72s/it, t_loss=2.76, i_acc=0.994]
Epochs:  11%|█         | 16/150 [00:52<06:04,  2.72s/it, t_loss=2.76, i_acc=0.994]
Epochs:  11%|█         | 16/150 [00:52<06:04,  2.72s/it, t_loss=2.69, i_acc=0.995]
Epochs:  11%|█▏        | 17/150 [00:55<06:00,  2.71s/it, t_loss=2.69, i_acc=0.995]
Epochs:  11%|█▏        | 17/150 [00:55<06:00,  2.71s/it, t_loss=2.74, i_acc=0.997]
Epochs:  12%|█▏        | 18/150 [00:57<05:53,  2.68s/it, t_loss=2.74, i_acc=0.997]
Epochs:  12%|█▏        | 18/150 [00:57<05:53,  2.68s/it, t_loss=2.71, i_acc=0.997]
Epochs:  13%|█▎        | 19/150 [01:00<05:53,  2.70s/it, t_loss=2.71, i_acc=0.997]
Epochs:  13%|█▎        | 19/150 [01:00<05:53,  2.70s/it, t_loss=2.61, i_acc=0.997]
Epochs:  13%|█▎        | 20/150 [01:03<05:55,  2.74s/it, t_loss=2.61, i_acc=0.997]
Epochs:  13%|█▎        | 20/150 [01:03<05:55,  2.74s/it, t_loss=2.63, i_acc=0.998]
Epochs:  14%|█▍        | 21/150 [01:06<06:09,  2.87s/it, t_loss=2.63, i_acc=0.998]
Epochs:  14%|█▍        | 21/150 [01:06<06:09,  2.87s/it, t_loss=2.55, i_acc=0.999]
Epochs:  15%|█▍        | 22/150 [01:09<06:06,  2.86s/it, t_loss=2.55, i_acc=0.999]
Epochs:  15%|█▍        | 22/150 [01:09<06:06,  2.86s/it, t_loss=2.56, i_acc=0.999]
Epochs:  15%|█▌        | 23/150 [01:12<05:55,  2.80s/it, t_loss=2.56, i_acc=0.999]
Epochs:  15%|█▌        | 23/150 [01:12<05:55,  2.80s/it, t_loss=2.59, i_acc=1]    
Epochs:  16%|█▌        | 24/150 [01:15<05:52,  2.80s/it, t_loss=2.59, i_acc=1]
Epochs:  16%|█▌        | 24/150 [01:15<05:52,  2.80s/it, t_loss=2.57, i_acc=0.999]
Epochs:  17%|█▋        | 25/150 [01:17<05:52,  2.82s/it, t_loss=2.57, i_acc=0.999]
Epochs:  17%|█▋        | 25/150 [01:17<05:52,  2.82s/it, t_loss=2.48, i_acc=0.999]
Epochs:  17%|█▋        | 26/150 [01:20<05:41,  2.75s/it, t_loss=2.48, i_acc=0.999]
Epochs:  17%|█▋        | 26/150 [01:20<05:41,  2.75s/it, t_loss=2.52, i_acc=0.999]
Epochs:  18%|█▊        | 27/150 [01:23<05:33,  2.71s/it, t_loss=2.52, i_acc=0.999]
Epochs:  18%|█▊        | 27/150 [01:23<05:33,  2.71s/it, t_loss=2.51, i_acc=0.999]
Epochs:  19%|█▊        | 28/150 [01:25<05:28,  2.69s/it, t_loss=2.51, i_acc=0.999]
Epochs:  19%|█▊        | 28/150 [01:25<05:28,  2.69s/it, t_loss=2.43, i_acc=0.999]
Epochs:  19%|█▉        | 29/150 [01:28<05:25,  2.69s/it, t_loss=2.43, i_acc=0.999]
Epochs:  19%|█▉        | 29/150 [01:28<05:25,  2.69s/it, t_loss=2.44, i_acc=0.999]
Epochs:  20%|██        | 30/150 [01:31<05:24,  2.70s/it, t_loss=2.44, i_acc=0.999]
Epochs:  20%|██        | 30/150 [01:31<05:24,  2.70s/it, t_loss=2.47, i_acc=1]    
Epochs:  21%|██        | 31/150 [01:33<05:19,  2.69s/it, t_loss=2.47, i_acc=1]
Epochs:  21%|██        | 31/150 [01:33<05:19,  2.69s/it, t_loss=2.49, i_acc=0.999]
Epochs:  21%|██▏       | 32/150 [01:36<05:15,  2.67s/it, t_loss=2.49, i_acc=0.999]
Epochs:  21%|██▏       | 32/150 [01:36<05:15,  2.67s/it, t_loss=2.5, i_acc=0.998] 
Epochs:  22%|██▏       | 33/150 [01:39<05:10,  2.66s/it, t_loss=2.5, i_acc=0.998]
Epochs:  22%|██▏       | 33/150 [01:39<05:10,  2.66s/it, t_loss=2.5, i_acc=0.998]
Epochs:  23%|██▎       | 34/150 [01:41<05:07,  2.65s/it, t_loss=2.5, i_acc=0.998]
Epochs:  23%|██▎       | 34/150 [01:41<05:07,  2.65s/it, t_loss=2.42, i_acc=0.999]
Epochs:  23%|██▎       | 35/150 [01:44<05:03,  2.64s/it, t_loss=2.42, i_acc=0.999]
Epochs:  23%|██▎       | 35/150 [01:44<05:03,  2.64s/it, t_loss=2.39, i_acc=1]    
Epochs:  24%|██▍       | 36/150 [01:46<05:00,  2.64s/it, t_loss=2.39, i_acc=1]
Epochs:  24%|██▍       | 36/150 [01:46<05:00,  2.64s/it, t_loss=2.41, i_acc=1]
Epochs:  25%|██▍       | 37/150 [01:49<04:58,  2.64s/it, t_loss=2.41, i_acc=1]
Epochs:  25%|██▍       | 37/150 [01:49<04:58,  2.64s/it, t_loss=2.42, i_acc=1]
Epochs:  25%|██▌       | 38/150 [01:52<04:58,  2.66s/it, t_loss=2.42, i_acc=1]
Epochs:  25%|██▌       | 38/150 [01:52<04:58,  2.66s/it, t_loss=2.45, i_acc=0.999]
Epochs:  26%|██▌       | 39/150 [01:54<04:54,  2.65s/it, t_loss=2.45, i_acc=0.999]
Epochs:  26%|██▌       | 39/150 [01:54<04:54,  2.65s/it, t_loss=2.38, i_acc=1]    
Epochs:  27%|██▋       | 40/150 [01:57<04:52,  2.66s/it, t_loss=2.38, i_acc=1]
Epochs:  27%|██▋       | 40/150 [01:57<04:52,  2.66s/it, t_loss=2.4, i_acc=1] 
Epochs:  27%|██▋       | 41/150 [02:00<04:49,  2.66s/it, t_loss=2.4, i_acc=1]
Epochs:  27%|██▋       | 41/150 [02:00<04:49,  2.66s/it, t_loss=2.38, i_acc=1]
Epochs:  28%|██▊       | 42/150 [02:02<04:44,  2.63s/it, t_loss=2.38, i_acc=1]
Epochs:  28%|██▊       | 42/150 [02:02<04:44,  2.63s/it, t_loss=2.39, i_acc=1]
Epochs:  29%|██▊       | 43/150 [02:05<04:42,  2.64s/it, t_loss=2.39, i_acc=1]
Epochs:  29%|██▊       | 43/150 [02:05<04:42,  2.64s/it, t_loss=2.36, i_acc=1]
Epochs:  29%|██▉       | 44/150 [02:08<04:37,  2.62s/it, t_loss=2.36, i_acc=1]
Epochs:  29%|██▉       | 44/150 [02:08<04:37,  2.62s/it, t_loss=2.36, i_acc=0.999]
Epochs:  30%|███       | 45/150 [02:10<04:35,  2.62s/it, t_loss=2.36, i_acc=0.999]
Epochs:  30%|███       | 45/150 [02:10<04:35,  2.62s/it, t_loss=2.37, i_acc=1]    
Epochs:  31%|███       | 46/150 [02:13<04:33,  2.63s/it, t_loss=2.37, i_acc=1]
Epochs:  31%|███       | 46/150 [02:13<04:33,  2.63s/it, t_loss=2.27, i_acc=0.999]
Epochs:  31%|███▏      | 47/150 [02:15<04:28,  2.61s/it, t_loss=2.27, i_acc=0.999]
Epochs:  31%|███▏      | 47/150 [02:15<04:28,  2.61s/it, t_loss=2.32, i_acc=1]    
Epochs:  32%|███▏      | 48/150 [02:18<04:25,  2.60s/it, t_loss=2.32, i_acc=1]
Epochs:  32%|███▏      | 48/150 [02:18<04:25,  2.60s/it, t_loss=2.31, i_acc=1]
Epochs:  33%|███▎      | 49/150 [02:21<04:24,  2.62s/it, t_loss=2.31, i_acc=1]
Epochs:  33%|███▎      | 49/150 [02:21<04:24,  2.62s/it, t_loss=2.3, i_acc=1] 
Epochs:  33%|███▎      | 50/150 [02:23<04:21,  2.61s/it, t_loss=2.3, i_acc=1]
Epochs:  33%|███▎      | 50/150 [02:23<04:21,  2.61s/it, t_loss=2.3, i_acc=1]
Epochs:  34%|███▍      | 51/150 [02:26<04:17,  2.60s/it, t_loss=2.3, i_acc=1]
Epochs:  34%|███▍      | 51/150 [02:26<04:17,  2.60s/it, t_loss=2.3, i_acc=1]
Epochs:  35%|███▍      | 52/150 [02:29<04:17,  2.62s/it, t_loss=2.3, i_acc=1]
Epochs:  35%|███▍      | 52/150 [02:29<04:17,  2.62s/it, t_loss=2.24, i_acc=1]
Epochs:  35%|███▌      | 53/150 [02:31<04:14,  2.62s/it, t_loss=2.24, i_acc=1]
Epochs:  35%|███▌      | 53/150 [02:31<04:14,  2.62s/it, t_loss=2.26, i_acc=1]
Epochs:  36%|███▌      | 54/150 [02:34<04:10,  2.61s/it, t_loss=2.26, i_acc=1]
Epochs:  36%|███▌      | 54/150 [02:34<04:10,  2.61s/it, t_loss=2.24, i_acc=1]
Epochs:  37%|███▋      | 55/150 [02:36<04:10,  2.63s/it, t_loss=2.24, i_acc=1]
Epochs:  37%|███▋      | 55/150 [02:36<04:10,  2.63s/it, t_loss=2.21, i_acc=1]
Epochs:  37%|███▋      | 56/150 [02:39<04:09,  2.65s/it, t_loss=2.21, i_acc=1]
Epochs:  37%|███▋      | 56/150 [02:39<04:09,  2.65s/it, t_loss=2.25, i_acc=0.999]
Epochs:  38%|███▊      | 57/150 [02:42<04:05,  2.64s/it, t_loss=2.25, i_acc=0.999]
Epochs:  38%|███▊      | 57/150 [02:42<04:05,  2.64s/it, t_loss=2.22, i_acc=1]    
Epochs:  39%|███▊      | 58/150 [02:44<04:04,  2.66s/it, t_loss=2.22, i_acc=1]
Epochs:  39%|███▊      | 58/150 [02:44<04:04,  2.66s/it, t_loss=2.23, i_acc=1]
Epochs:  39%|███▉      | 59/150 [02:47<04:01,  2.66s/it, t_loss=2.23, i_acc=1]
Epochs:  39%|███▉      | 59/150 [02:47<04:01,  2.66s/it, t_loss=2.25, i_acc=0.999]
Epochs:  40%|████      | 60/150 [02:50<03:59,  2.66s/it, t_loss=2.25, i_acc=0.999]
Epochs:  40%|████      | 60/150 [02:50<03:59,  2.66s/it, t_loss=2.19, i_acc=1]    
Epochs:  41%|████      | 61/150 [02:52<03:55,  2.64s/it, t_loss=2.19, i_acc=1]
Epochs:  41%|████      | 61/150 [02:52<03:55,  2.64s/it, t_loss=2.22, i_acc=1]
Epochs:  41%|████▏     | 62/150 [02:55<03:51,  2.63s/it, t_loss=2.22, i_acc=1]
Epochs:  41%|████▏     | 62/150 [02:55<03:51,  2.63s/it, t_loss=2.2, i_acc=1] 
Epochs:  42%|████▏     | 63/150 [02:58<03:49,  2.64s/it, t_loss=2.2, i_acc=1]
Epochs:  42%|████▏     | 63/150 [02:58<03:49,  2.64s/it, t_loss=2.17, i_acc=1]
Epochs:  43%|████▎     | 64/150 [03:00<03:49,  2.67s/it, t_loss=2.17, i_acc=1]
Epochs:  43%|████▎     | 64/150 [03:00<03:49,  2.67s/it, t_loss=2.17, i_acc=1]
Epochs:  43%|████▎     | 65/150 [03:03<03:46,  2.67s/it, t_loss=2.17, i_acc=1]
Epochs:  43%|████▎     | 65/150 [03:03<03:46,  2.67s/it, t_loss=2.19, i_acc=0.999]
Epochs:  44%|████▍     | 66/150 [03:06<03:57,  2.82s/it, t_loss=2.19, i_acc=0.999]
Epochs:  44%|████▍     | 66/150 [03:06<03:57,  2.82s/it, t_loss=2.19, i_acc=1]    
Epochs:  45%|████▍     | 67/150 [03:09<03:51,  2.79s/it, t_loss=2.19, i_acc=1]
Epochs:  45%|████▍     | 67/150 [03:09<03:51,  2.79s/it, t_loss=2.2, i_acc=1] 
Epochs:  45%|████▌     | 68/150 [03:12<03:49,  2.79s/it, t_loss=2.2, i_acc=1]
Epochs:  45%|████▌     | 68/150 [03:12<03:49,  2.79s/it, t_loss=2.16, i_acc=1]
Epochs:  46%|████▌     | 69/150 [03:14<03:44,  2.77s/it, t_loss=2.16, i_acc=1]
Epochs:  46%|████▌     | 69/150 [03:14<03:44,  2.77s/it, t_loss=2.19, i_acc=1]
Epochs:  47%|████▋     | 70/150 [03:17<03:40,  2.76s/it, t_loss=2.19, i_acc=1]
Epochs:  47%|████▋     | 70/150 [03:17<03:40,  2.76s/it, t_loss=2.13, i_acc=1]
Epochs:  47%|████▋     | 71/150 [03:20<03:37,  2.75s/it, t_loss=2.13, i_acc=1]
Epochs:  47%|████▋     | 71/150 [03:20<03:37,  2.75s/it, t_loss=2.13, i_acc=1]
Epochs:  48%|████▊     | 72/150 [03:23<03:32,  2.72s/it, t_loss=2.13, i_acc=1]
Epochs:  48%|████▊     | 72/150 [03:23<03:32,  2.72s/it, t_loss=2.15, i_acc=1]
Epochs:  49%|████▊     | 73/150 [03:25<03:30,  2.73s/it, t_loss=2.15, i_acc=1]
Epochs:  49%|████▊     | 73/150 [03:25<03:30,  2.73s/it, t_loss=2.15, i_acc=1]
Epochs:  49%|████▉     | 74/150 [03:28<03:26,  2.71s/it, t_loss=2.15, i_acc=1]
Epochs:  49%|████▉     | 74/150 [03:28<03:26,  2.71s/it, t_loss=2.14, i_acc=1]
Epochs:  50%|█████     | 75/150 [03:31<03:23,  2.71s/it, t_loss=2.14, i_acc=1]
Epochs:  50%|█████     | 75/150 [03:31<03:23,  2.71s/it, t_loss=2.15, i_acc=1]
Epochs:  51%|█████     | 76/150 [03:33<03:18,  2.68s/it, t_loss=2.15, i_acc=1]
Epochs:  51%|█████     | 76/150 [03:33<03:18,  2.68s/it, t_loss=2.15, i_acc=1]
Epochs:  51%|█████▏    | 77/150 [03:36<03:14,  2.67s/it, t_loss=2.15, i_acc=1]
Epochs:  51%|█████▏    | 77/150 [03:36<03:14,  2.67s/it, t_loss=2.1, i_acc=0.999]
Epochs:  52%|█████▏    | 78/150 [03:39<03:10,  2.65s/it, t_loss=2.1, i_acc=0.999]
Epochs:  52%|█████▏    | 78/150 [03:39<03:10,  2.65s/it, t_loss=2.1, i_acc=0.999]
Epochs:  53%|█████▎    | 79/150 [03:41<03:08,  2.65s/it, t_loss=2.1, i_acc=0.999]
Epochs:  53%|█████▎    | 79/150 [03:41<03:08,  2.65s/it, t_loss=2.11, i_acc=1]   
Epochs:  53%|█████▎    | 80/150 [03:44<03:05,  2.65s/it, t_loss=2.11, i_acc=1]
Epochs:  53%|█████▎    | 80/150 [03:44<03:05,  2.65s/it, t_loss=2.14, i_acc=1]
Epochs:  54%|█████▍    | 81/150 [03:46<03:01,  2.63s/it, t_loss=2.14, i_acc=1]
Epochs:  54%|█████▍    | 81/150 [03:46<03:01,  2.63s/it, t_loss=2.12, i_acc=0.998]
Epochs:  55%|█████▍    | 82/150 [03:49<02:58,  2.62s/it, t_loss=2.12, i_acc=0.998]
Epochs:  55%|█████▍    | 82/150 [03:49<02:58,  2.62s/it, t_loss=2.07, i_acc=1]    
Epochs:  55%|█████▌    | 83/150 [03:52<02:56,  2.64s/it, t_loss=2.07, i_acc=1]
Epochs:  55%|█████▌    | 83/150 [03:52<02:56,  2.64s/it, t_loss=2.07, i_acc=1]
Epochs:  56%|█████▌    | 84/150 [03:54<02:54,  2.65s/it, t_loss=2.07, i_acc=1]
Epochs:  56%|█████▌    | 84/150 [03:54<02:54,  2.65s/it, t_loss=2.08, i_acc=1]
Epochs:  57%|█████▋    | 85/150 [03:57<02:52,  2.65s/it, t_loss=2.08, i_acc=1]
Epochs:  57%|█████▋    | 85/150 [03:57<02:52,  2.65s/it, t_loss=2.07, i_acc=1]
Epochs:  57%|█████▋    | 86/150 [04:00<02:49,  2.65s/it, t_loss=2.07, i_acc=1]
Epochs:  57%|█████▋    | 86/150 [04:00<02:49,  2.65s/it, t_loss=2.09, i_acc=1]
Epochs:  58%|█████▊    | 87/150 [04:02<02:46,  2.65s/it, t_loss=2.09, i_acc=1]
Epochs:  58%|█████▊    | 87/150 [04:02<02:46,  2.65s/it, t_loss=2.12, i_acc=1]
Epochs:  59%|█████▊    | 88/150 [04:05<02:44,  2.65s/it, t_loss=2.12, i_acc=1]
Epochs:  59%|█████▊    | 88/150 [04:05<02:44,  2.65s/it, t_loss=2.11, i_acc=1]
Epochs:  59%|█████▉    | 89/150 [04:08<02:41,  2.65s/it, t_loss=2.11, i_acc=1]
Epochs:  59%|█████▉    | 89/150 [04:08<02:41,  2.65s/it, t_loss=2.07, i_acc=0.999]
Epochs:  60%|██████    | 90/150 [04:10<02:38,  2.64s/it, t_loss=2.07, i_acc=0.999]
Epochs:  60%|██████    | 90/150 [04:10<02:38,  2.64s/it, t_loss=2.09, i_acc=1]    
Epochs:  61%|██████    | 91/150 [04:13<02:35,  2.63s/it, t_loss=2.09, i_acc=1]
Epochs:  61%|██████    | 91/150 [04:13<02:35,  2.63s/it, t_loss=2.08, i_acc=1]
Epochs:  61%|██████▏   | 92/150 [04:16<02:34,  2.67s/it, t_loss=2.08, i_acc=1]
Epochs:  61%|██████▏   | 92/150 [04:16<02:34,  2.67s/it, t_loss=2.06, i_acc=1]
Epochs:  62%|██████▏   | 93/150 [04:18<02:32,  2.68s/it, t_loss=2.06, i_acc=1]
Epochs:  62%|██████▏   | 93/150 [04:18<02:32,  2.68s/it, t_loss=2.04, i_acc=1]
Epochs:  63%|██████▎   | 94/150 [04:21<02:34,  2.76s/it, t_loss=2.04, i_acc=1]
Epochs:  63%|██████▎   | 94/150 [04:21<02:34,  2.76s/it, t_loss=2.05, i_acc=1]
Epochs:  63%|██████▎   | 95/150 [04:24<02:36,  2.84s/it, t_loss=2.05, i_acc=1]
Epochs:  63%|██████▎   | 95/150 [04:24<02:36,  2.84s/it, t_loss=2.01, i_acc=0.999]
Epochs:  64%|██████▍   | 96/150 [04:27<02:34,  2.86s/it, t_loss=2.01, i_acc=0.999]
Epochs:  64%|██████▍   | 96/150 [04:27<02:34,  2.86s/it, t_loss=2.02, i_acc=1]    
Epochs:  65%|██████▍   | 97/150 [04:31<02:46,  3.14s/it, t_loss=2.02, i_acc=1]
Epochs:  65%|██████▍   | 97/150 [04:31<02:46,  3.14s/it, t_loss=2.02, i_acc=1]
Epochs:  65%|██████▌   | 98/150 [04:34<02:38,  3.05s/it, t_loss=2.02, i_acc=1]
Epochs:  65%|██████▌   | 98/150 [04:34<02:38,  3.05s/it, t_loss=2.02, i_acc=1]
Epochs:  66%|██████▌   | 99/150 [04:37<02:32,  2.98s/it, t_loss=2.02, i_acc=1]
Epochs:  66%|██████▌   | 99/150 [04:37<02:32,  2.98s/it, t_loss=2.03, i_acc=1]
Epochs:  67%|██████▋   | 100/150 [04:39<02:25,  2.90s/it, t_loss=2.03, i_acc=1]
Epochs:  67%|██████▋   | 100/150 [04:39<02:25,  2.90s/it, t_loss=2.01, i_acc=1]
Epochs:  67%|██████▋   | 101/150 [04:42<02:22,  2.90s/it, t_loss=2.01, i_acc=1]
Epochs:  67%|██████▋   | 101/150 [04:42<02:22,  2.90s/it, t_loss=1.99, i_acc=1]
Epochs:  68%|██████▊   | 102/150 [04:45<02:18,  2.88s/it, t_loss=1.99, i_acc=1]
Epochs:  68%|██████▊   | 102/150 [04:45<02:18,  2.88s/it, t_loss=1.98, i_acc=1]
Epochs:  69%|██████▊   | 103/150 [04:48<02:14,  2.85s/it, t_loss=1.98, i_acc=1]
Epochs:  69%|██████▊   | 103/150 [04:48<02:14,  2.85s/it, t_loss=2.01, i_acc=1]
Epochs:  69%|██████▉   | 104/150 [04:51<02:10,  2.83s/it, t_loss=2.01, i_acc=1]
Epochs:  69%|██████▉   | 104/150 [04:51<02:10,  2.83s/it, t_loss=2.01, i_acc=1]
Epochs:  70%|███████   | 105/150 [04:54<02:07,  2.83s/it, t_loss=2.01, i_acc=1]
Epochs:  70%|███████   | 105/150 [04:54<02:07,  2.83s/it, t_loss=1.98, i_acc=0.999]
Epochs:  71%|███████   | 106/150 [04:56<02:04,  2.83s/it, t_loss=1.98, i_acc=0.999]
Epochs:  71%|███████   | 106/150 [04:56<02:04,  2.83s/it, t_loss=1.98, i_acc=1]    
Epochs:  71%|███████▏  | 107/150 [04:59<02:00,  2.81s/it, t_loss=1.98, i_acc=1]
Epochs:  71%|███████▏  | 107/150 [04:59<02:00,  2.81s/it, t_loss=2, i_acc=1]   
Epochs:  72%|███████▏  | 108/150 [05:02<01:57,  2.81s/it, t_loss=2, i_acc=1]
Epochs:  72%|███████▏  | 108/150 [05:02<01:57,  2.81s/it, t_loss=1.99, i_acc=1]
Epochs:  73%|███████▎  | 109/150 [05:05<01:54,  2.80s/it, t_loss=1.99, i_acc=1]
Epochs:  73%|███████▎  | 109/150 [05:05<01:54,  2.80s/it, t_loss=1.98, i_acc=0.999]
Epochs:  73%|███████▎  | 110/150 [05:08<01:52,  2.81s/it, t_loss=1.98, i_acc=0.999]
Epochs:  73%|███████▎  | 110/150 [05:08<01:52,  2.81s/it, t_loss=1.97, i_acc=1]    
Epochs:  74%|███████▍  | 111/150 [05:10<01:49,  2.81s/it, t_loss=1.97, i_acc=1]
Epochs:  74%|███████▍  | 111/150 [05:10<01:49,  2.81s/it, t_loss=1.95, i_acc=1]
Epochs:  75%|███████▍  | 112/150 [05:13<01:47,  2.83s/it, t_loss=1.95, i_acc=1]
Epochs:  75%|███████▍  | 112/150 [05:13<01:47,  2.83s/it, t_loss=1.96, i_acc=0.999]
Epochs:  75%|███████▌  | 113/150 [05:16<01:44,  2.81s/it, t_loss=1.96, i_acc=0.999]
Epochs:  75%|███████▌  | 113/150 [05:16<01:44,  2.81s/it, t_loss=1.99, i_acc=1]    
Epochs:  76%|███████▌  | 114/150 [05:19<01:40,  2.79s/it, t_loss=1.99, i_acc=1]
Epochs:  76%|███████▌  | 114/150 [05:19<01:40,  2.79s/it, t_loss=2, i_acc=0.999]
Epochs:  77%|███████▋  | 115/150 [05:21<01:36,  2.77s/it, t_loss=2, i_acc=0.999]
Epochs:  77%|███████▋  | 115/150 [05:21<01:36,  2.77s/it, t_loss=1.99, i_acc=1] 
Epochs:  77%|███████▋  | 116/150 [05:24<01:34,  2.78s/it, t_loss=1.99, i_acc=1]
Epochs:  77%|███████▋  | 116/150 [05:24<01:34,  2.78s/it, t_loss=1.97, i_acc=1]
Epochs:  78%|███████▊  | 117/150 [05:27<01:31,  2.76s/it, t_loss=1.97, i_acc=1]
Epochs:  78%|███████▊  | 117/150 [05:27<01:31,  2.76s/it, t_loss=1.96, i_acc=0.999]
Epochs:  79%|███████▊  | 118/150 [05:30<01:28,  2.75s/it, t_loss=1.96, i_acc=0.999]
Epochs:  79%|███████▊  | 118/150 [05:30<01:28,  2.75s/it, t_loss=1.96, i_acc=1]    
Epochs:  79%|███████▉  | 119/150 [05:33<01:26,  2.78s/it, t_loss=1.96, i_acc=1]
Epochs:  79%|███████▉  | 119/150 [05:33<01:26,  2.78s/it, t_loss=1.92, i_acc=1]
Epochs:  80%|████████  | 120/150 [05:35<01:23,  2.80s/it, t_loss=1.92, i_acc=1]
Epochs:  80%|████████  | 120/150 [05:35<01:23,  2.80s/it, t_loss=1.9, i_acc=0.999]
Epochs:  81%|████████  | 121/150 [05:38<01:21,  2.80s/it, t_loss=1.9, i_acc=0.999]
Epochs:  81%|████████  | 121/150 [05:38<01:21,  2.80s/it, t_loss=1.93, i_acc=1]   
Epochs:  81%|████████▏ | 122/150 [05:41<01:18,  2.80s/it, t_loss=1.93, i_acc=1]
Epochs:  81%|████████▏ | 122/150 [05:41<01:18,  2.80s/it, t_loss=1.9, i_acc=1] 
Epochs:  82%|████████▏ | 123/150 [05:44<01:15,  2.80s/it, t_loss=1.9, i_acc=1]
Epochs:  82%|████████▏ | 123/150 [05:44<01:15,  2.80s/it, t_loss=1.91, i_acc=1]
Epochs:  83%|████████▎ | 124/150 [05:47<01:13,  2.81s/it, t_loss=1.91, i_acc=1]
Epochs:  83%|████████▎ | 124/150 [05:47<01:13,  2.81s/it, t_loss=1.9, i_acc=1] 
Epochs:  83%|████████▎ | 125/150 [05:49<01:09,  2.79s/it, t_loss=1.9, i_acc=1]
Epochs:  83%|████████▎ | 125/150 [05:49<01:09,  2.79s/it, t_loss=1.93, i_acc=0.999]
Epochs:  84%|████████▍ | 126/150 [05:52<01:06,  2.77s/it, t_loss=1.93, i_acc=0.999]
Epochs:  84%|████████▍ | 126/150 [05:52<01:06,  2.77s/it, t_loss=1.93, i_acc=0.999]
Epochs:  85%|████████▍ | 127/150 [05:55<01:04,  2.80s/it, t_loss=1.93, i_acc=0.999]
Epochs:  85%|████████▍ | 127/150 [05:55<01:04,  2.80s/it, t_loss=1.89, i_acc=1]    
Epochs:  85%|████████▌ | 128/150 [05:58<01:01,  2.80s/it, t_loss=1.89, i_acc=1]
Epochs:  85%|████████▌ | 128/150 [05:58<01:01,  2.80s/it, t_loss=1.9, i_acc=1] 
Epochs:  86%|████████▌ | 129/150 [06:01<00:58,  2.80s/it, t_loss=1.9, i_acc=1]
Epochs:  86%|████████▌ | 129/150 [06:01<00:58,  2.80s/it, t_loss=1.87, i_acc=1]
Epochs:  87%|████████▋ | 130/150 [06:03<00:55,  2.79s/it, t_loss=1.87, i_acc=1]
Epochs:  87%|████████▋ | 130/150 [06:03<00:55,  2.79s/it, t_loss=1.89, i_acc=1]
Epochs:  87%|████████▋ | 131/150 [06:06<00:53,  2.83s/it, t_loss=1.89, i_acc=1]
Epochs:  87%|████████▋ | 131/150 [06:06<00:53,  2.83s/it, t_loss=1.88, i_acc=1]
Epochs:  88%|████████▊ | 132/150 [06:09<00:50,  2.83s/it, t_loss=1.88, i_acc=1]
Epochs:  88%|████████▊ | 132/150 [06:09<00:50,  2.83s/it, t_loss=1.88, i_acc=1]
Epochs:  89%|████████▊ | 133/150 [06:12<00:48,  2.83s/it, t_loss=1.88, i_acc=1]
Epochs:  89%|████████▊ | 133/150 [06:12<00:48,  2.83s/it, t_loss=1.86, i_acc=1]
Epochs:  89%|████████▉ | 134/150 [06:15<00:45,  2.82s/it, t_loss=1.86, i_acc=1]
Epochs:  89%|████████▉ | 134/150 [06:15<00:45,  2.82s/it, t_loss=1.84, i_acc=1]
Epochs:  90%|█████████ | 135/150 [06:17<00:42,  2.81s/it, t_loss=1.84, i_acc=1]
Epochs:  90%|█████████ | 135/150 [06:17<00:42,  2.81s/it, t_loss=1.84, i_acc=1]
Epochs:  91%|█████████ | 136/150 [06:20<00:38,  2.73s/it, t_loss=1.84, i_acc=1]
Epochs:  91%|█████████ | 136/150 [06:20<00:38,  2.73s/it, t_loss=1.86, i_acc=1]
Epochs:  91%|█████████▏| 137/150 [06:23<00:35,  2.75s/it, t_loss=1.86, i_acc=1]
Epochs:  91%|█████████▏| 137/150 [06:23<00:35,  2.75s/it, t_loss=1.83, i_acc=1]
Epochs:  92%|█████████▏| 138/150 [06:26<00:33,  2.77s/it, t_loss=1.83, i_acc=1]
Epochs:  92%|█████████▏| 138/150 [06:26<00:33,  2.77s/it, t_loss=1.85, i_acc=1]
Epochs:  93%|█████████▎| 139/150 [06:29<00:30,  2.82s/it, t_loss=1.85, i_acc=1]
Epochs:  93%|█████████▎| 139/150 [06:29<00:30,  2.82s/it, t_loss=1.84, i_acc=1]
Epochs:  93%|█████████▎| 140/150 [06:31<00:28,  2.83s/it, t_loss=1.84, i_acc=1]
Epochs:  93%|█████████▎| 140/150 [06:31<00:28,  2.83s/it, t_loss=1.88, i_acc=1]
Epochs:  94%|█████████▍| 141/150 [06:34<00:25,  2.88s/it, t_loss=1.88, i_acc=1]
Epochs:  94%|█████████▍| 141/150 [06:34<00:25,  2.88s/it, t_loss=1.86, i_acc=1]
Epochs:  95%|█████████▍| 142/150 [06:38<00:23,  2.95s/it, t_loss=1.86, i_acc=1]
Epochs:  95%|█████████▍| 142/150 [06:38<00:23,  2.95s/it, t_loss=1.88, i_acc=1]
Epochs:  95%|█████████▌| 143/150 [06:41<00:20,  2.99s/it, t_loss=1.88, i_acc=1]
Epochs:  95%|█████████▌| 143/150 [06:41<00:20,  2.99s/it, t_loss=1.88, i_acc=1]
Epochs:  96%|█████████▌| 144/150 [06:44<00:18,  3.01s/it, t_loss=1.88, i_acc=1]
Epochs:  96%|█████████▌| 144/150 [06:44<00:18,  3.01s/it, t_loss=1.84, i_acc=1]
Epochs:  97%|█████████▋| 145/150 [06:46<00:14,  2.95s/it, t_loss=1.84, i_acc=1]
Epochs:  97%|█████████▋| 145/150 [06:46<00:14,  2.95s/it, t_loss=1.86, i_acc=1]
Epochs:  97%|█████████▋| 146/150 [06:49<00:11,  2.90s/it, t_loss=1.86, i_acc=1]
Epochs:  97%|█████████▋| 146/150 [06:49<00:11,  2.90s/it, t_loss=1.85, i_acc=1]
Epochs:  98%|█████████▊| 147/150 [06:52<00:08,  2.88s/it, t_loss=1.85, i_acc=1]
Epochs:  98%|█████████▊| 147/150 [06:52<00:08,  2.88s/it, t_loss=1.83, i_acc=1]
Epochs:  99%|█████████▊| 148/150 [06:55<00:05,  2.87s/it, t_loss=1.83, i_acc=1]
Epochs:  99%|█████████▊| 148/150 [06:55<00:05,  2.87s/it, t_loss=1.83, i_acc=1]
Epochs:  99%|█████████▉| 149/150 [06:58<00:02,  2.85s/it, t_loss=1.83, i_acc=1]
Epochs:  99%|█████████▉| 149/150 [06:58<00:02,  2.85s/it, t_loss=1.82, i_acc=1]
Epochs: 100%|██████████| 150/150 [07:01<00:00,  2.85s/it, t_loss=1.82, i_acc=1]
Epochs: 100%|██████████| 150/150 [07:01<00:00,  2.85s/it, t_loss=1.79, i_acc=0.999]
Epochs: 100%|██████████| 150/150 [07:01<00:00,  2.81s/it, t_loss=1.79, i_acc=0.999]
2026-10-05 10:36:58 [1;30mINFO    [0m [34mrasa.engine.training.hooks[0m  - Finished training component 'DIETClassifier'.
Your Rasa model is trained and saved at '<usuario>\AppData\Local\Temp\demo_modelos_rasa__yy_2u1s\rasa\RASA-e150-b64-d20-s42.tar.gz'.
